Using pre-set license
Built from '6000.0/staging' branch; Version is '6000.0.39f1 (15ea7ed0b100) revision 1436286'; Using compiler version '193933523'; Build Type 'Release'
OS: 'Windows 11  (10.0.26100) 64bit Core' Language: 'ko' Physical Memory: 16074 MB
BatchMode: 1, IsHumanControllingUs: 0, StartBugReporterOnCrash: 0, Is64bit: 1, IsPro: 1

COMMAND LINE ARGUMENTS:
C:\Program Files\Unity\Hub\Editor\6000.0.39f1\Editor\Unity.exe
-adb2
-batchMode
-noUpm
-name
AssetImportWorker0
-projectPath
C:/Users/ieoql/unity/AppleCatch_2022110346
-logFile
Logs/AssetImportWorker0.log
-srvPort
8148
-job-worker-count
7
-background-job-worker-count
8
-gc-helper-count
1
Successfully changed project path to: C:/Users/ieoql/unity/AppleCatch_2022110346
C:/Users/ieoql/unity/AppleCatch_2022110346
[UnityMemory] Configuration Parameters - Can be set up in boot.config
    "memorysetup-bucket-allocator-granularity=16"
    "memorysetup-bucket-allocator-bucket-count=8"
    "memorysetup-bucket-allocator-block-size=33554432"
    "memorysetup-bucket-allocator-block-count=8"
    "memorysetup-main-allocator-block-size=16777216"
    "memorysetup-thread-allocator-block-size=16777216"
    "memorysetup-gfx-main-allocator-block-size=16777216"
    "memorysetup-gfx-thread-allocator-block-size=16777216"
    "memorysetup-cache-allocator-block-size=4194304"
    "memorysetup-typetree-allocator-block-size=2097152"
    "memorysetup-profiler-bucket-allocator-granularity=16"
    "memorysetup-profiler-bucket-allocator-bucket-count=8"
    "memorysetup-profiler-bucket-allocator-block-size=33554432"
    "memorysetup-profiler-bucket-allocator-block-count=8"
    "memorysetup-profiler-allocator-block-size=16777216"
    "memorysetup-profiler-editor-allocator-block-size=1048576"
    "memorysetup-temp-allocator-size-main=16777216"
    "memorysetup-job-temp-allocator-block-size=2097152"
    "memorysetup-job-temp-allocator-block-size-background=1048576"
    "memorysetup-job-temp-allocator-reduction-small-platforms=262144"
    "memorysetup-allocator-temp-initial-block-size-main=262144"
    "memorysetup-allocator-temp-initial-block-size-worker=262144"
    "memorysetup-temp-allocator-size-background-worker=32768"
    "memorysetup-temp-allocator-size-job-worker=262144"
    "memorysetup-temp-allocator-size-preload-manager=33554432"
    "memorysetup-temp-allocator-size-nav-mesh-worker=65536"
    "memorysetup-temp-allocator-size-audio-worker=65536"
    "memorysetup-temp-allocator-size-cloud-worker=32768"
    "memorysetup-temp-allocator-size-gi-baking-worker=262144"
    "memorysetup-temp-allocator-size-gi-baking-worker=262144"
    "memorysetup-temp-allocator-size-gi-baking-worker=262144"
    "memorysetup-temp-allocator-size-gi-baking-worker=262144"
    "memorysetup-temp-allocator-size-gi-baking-worker=262144"
    "memorysetup-temp-allocator-size-gfx=262144"
Player connection [32224]  Target information:

Player connection [32224]  * "[IP] 172.19.29.13 [Port] 0 [Flags] 2 [Guid] 648006993 [EditorId] 648006993 [Version] 1048832 [Id] WindowsEditor(7,GalaxyBook) [Debug] 1 [PackageName] WindowsEditor [ProjectName] Editor" 

Player connection [32224] Host joined multi-casting on [225.0.0.222:54997]...
Player connection [32224] Host joined alternative multi-casting on [225.0.0.222:34997]...
JobSystem: Creating JobQueue using job-worker-count value 7
Input System module state changed to: Initialized.
[Physics::Module] Initialized fallback backend.
[Physics::Module] Id: 0xdecafbad
Library Redirect Path: Library/
[Physics::Module] Selected backend.
[Physics::Module] Name: PhysX
[Physics::Module] Id: 0xf2b8ea05
[Physics::Module] SDK Version: 4.1.2
[Physics::Module] Integration Version: 1.0.0
[Physics::Module] Threading Mode: Multi-Threaded
Refreshing native plugins compatible for Editor in 145.92 ms, found 3 plugins.
Preloading 0 native plugins for Editor in 0.00 ms.
Initialize engine version: 6000.0.39f1 (15ea7ed0b100)
[Subsystems] Discovering subsystems at path C:/Program Files/Unity/Hub/Editor/6000.0.39f1/Editor/Data/Resources/UnitySubsystems
[Subsystems] Discovering subsystems at path C:/Users/ieoql/unity/AppleCatch_2022110346/Assets
GfxDevice: creating device client; kGfxThreadingModeNonThreaded
Direct3D:
    Version:  Direct3D 11.0 [level 11.1]
    Renderer: Intel(R) Iris(R) Xe Graphics (ID=0xa7a0)
    Vendor:   Intel
    VRAM:     8037 MB
    Driver:   31.0.101.4314
Initialize mono
Mono path[0] = 'C:/Program Files/Unity/Hub/Editor/6000.0.39f1/Editor/Data/Managed'
Mono path[1] = 'C:/Program Files/Unity/Hub/Editor/6000.0.39f1/Editor/Data/MonoBleedingEdge/lib/mono/unityjit-win32'
Mono config path = 'C:/Program Files/Unity/Hub/Editor/6000.0.39f1/Editor/Data/MonoBleedingEdge/etc'
Using monoOptions --debugger-agent=transport=dt_socket,embedding=1,server=y,suspend=n,address=127.0.0.1:56176
Begin MonoManager ReloadAssembly
Registering precompiled unity dll's ...
Register platform support module: C:/Program Files/Unity/Hub/Editor/6000.0.39f1/Editor/Data/PlaybackEngines/WindowsStandaloneSupport/UnityEditor.WindowsStandalone.Extensions.dll
Register platform support module: C:/Program Files/Unity/Hub/Editor/6000.0.39f1/Editor/Data/PlaybackEngines/iOSSupport/UnityEditor.iOS.Extensions.dll
Registered in 0.010980 seconds.
- Loaded All Assemblies, in  1.537 seconds
[usbmuxd] Start listen thread
[usbmuxd] Listen thread started
Native extension for iOS target not found
Native extension for WindowsStandalone target not found
Mono: successfully reloaded assembly
- Finished resetting the current domain, in  0.492 seconds
Domain Reload Profiling: 2028ms
	BeginReloadAssembly (902ms)
		ExecutionOrderSort (0ms)
		DisableScriptedObjects (0ms)
		BackupInstance (0ms)
		ReleaseScriptingObjects (0ms)
		CreateAndSetChildDomain (1ms)
	RebuildCommonClasses (50ms)
	RebuildNativeTypeToScriptingClass (13ms)
	initialDomainReloadingComplete (66ms)
	LoadAllAssembliesAndSetupDomain (504ms)
		LoadAssemblies (899ms)
		RebuildTransferFunctionScriptingTraits (0ms)
		AnalyzeDomain (501ms)
			TypeCache.Refresh (499ms)
				TypeCache.ScanAssembly (483ms)
			BuildScriptInfoCaches (0ms)
			ResolveRequiredComponents (1ms)
	FinalizeReload (493ms)
		ReleaseScriptCaches (0ms)
		RebuildScriptCaches (0ms)
		SetupLoadedEditorAssemblies (428ms)
			LogAssemblyErrors (0ms)
			InitializePlatformSupportModulesInManaged (79ms)
			SetLoadedEditorAssemblies (4ms)
			BeforeProcessingInitializeOnLoad (69ms)
			ProcessInitializeOnLoadAttributes (165ms)
			ProcessInitializeOnLoadMethodAttributes (111ms)
			AfterProcessingInitializeOnLoad (0ms)
			EditorAssembliesLoaded (0ms)
		ExecutionOrderSort2 (0ms)
		AwakeInstancesAfterBackupRestoration (0ms)
========================================================================
Worker process is ready to serve import requests
Import Worker Mode flag is 0x00
Begin MonoManager ReloadAssembly
- Loaded All Assemblies, in  1.102 seconds
Failed to determine dll type for Packages/com.unity.collab-proxy/Lib/Editor/unityplastic.dll
Failed to determine dll type for Packages/com.unity.collab-proxy/Lib/Editor/unityplastic.dll
Failed to determine dll type for Packages/com.unity.collab-proxy/Lib/Editor/Unity.Plastic.Antlr3.Runtime.dll
Failed to determine dll type for Packages/com.unity.collab-proxy/Lib/Editor/Unity.Plastic.Antlr3.Runtime.dll
Failed to determine dll type for Packages/com.unity.collab-proxy/Lib/Editor/Unity.Plastic.Newtonsoft.Json.dll
Failed to determine dll type for Packages/com.unity.collab-proxy/Lib/Editor/Unity.Plastic.Newtonsoft.Json.dll
Failed to determine dll type for Packages/com.unity.collab-proxy/Lib/Editor/log4netPlastic.dll
Failed to determine dll type for Packages/com.unity.collab-proxy/Lib/Editor/log4netPlastic.dll
Refreshing native plugins compatible for Editor in 2.76 ms, found 1 plugins.
Native extension for iOS target not found
Native extension for WindowsStandalone target not found
Mono: successfully reloaded assembly
- Finished resetting the current domain, in  3.001 seconds
Domain Reload Profiling: 4101ms
	BeginReloadAssembly (191ms)
		ExecutionOrderSort (0ms)
		DisableScriptedObjects (7ms)
		BackupInstance (0ms)
		ReleaseScriptingObjects (0ms)
		CreateAndSetChildDomain (33ms)
	RebuildCommonClasses (42ms)
	RebuildNativeTypeToScriptingClass (19ms)
	initialDomainReloadingComplete (45ms)
	LoadAllAssembliesAndSetupDomain (802ms)
		LoadAssemblies (545ms)
		RebuildTransferFunctionScriptingTraits (0ms)
		AnalyzeDomain (360ms)
			TypeCache.Refresh (242ms)
				TypeCache.ScanAssembly (218ms)
			BuildScriptInfoCaches (94ms)
			ResolveRequiredComponents (19ms)
	FinalizeReload (3002ms)
		ReleaseScriptCaches (0ms)
		RebuildScriptCaches (0ms)
		SetupLoadedEditorAssemblies (999ms)
			LogAssemblyErrors (0ms)
			InitializePlatformSupportModulesInManaged (26ms)
			SetLoadedEditorAssemblies (7ms)
			BeforeProcessingInitializeOnLoad (245ms)
			ProcessInitializeOnLoadAttributes (587ms)
			ProcessInitializeOnLoadMethodAttributes (130ms)
			AfterProcessingInitializeOnLoad (4ms)
			EditorAssembliesLoaded (0ms)
		ExecutionOrderSort2 (0ms)
		AwakeInstancesAfterBackupRestoration (7ms)
Launched and connected shader compiler UnityShaderCompiler.exe after 0.04 seconds
Refreshing native plugins compatible for Editor in 0.75 ms, found 1 plugins.
Preloading 0 native plugins for Editor in 0.00 ms.
Unloading 198 Unused Serialized files (Serialized files now loaded: 0)
Unloading 5937 unused Assets / (5.7 MB). Loaded Objects now: 6582.
Memory consumption went from 159.7 MB to 154.0 MB.
Total: 9.723400 ms (FindLiveObjects: 1.441800 ms CreateObjectMapping: 0.361500 ms MarkObjects: 4.719800 ms  DeleteObjects: 3.198600 ms)

========================================================================
Received Prepare
Begin MonoManager ReloadAssembly
- Loaded All Assemblies, in  0.916 seconds
Refreshing native plugins compatible for Editor in 1.63 ms, found 3 plugins.
Native extension for iOS target not found
Native extension for WindowsStandalone target not found
Mono: successfully reloaded assembly
- Finished resetting the current domain, in  1.059 seconds
Domain Reload Profiling: 1973ms
	BeginReloadAssembly (257ms)
		ExecutionOrderSort (0ms)
		DisableScriptedObjects (5ms)
		BackupInstance (0ms)
		ReleaseScriptingObjects (0ms)
		CreateAndSetChildDomain (58ms)
	RebuildCommonClasses (43ms)
	RebuildNativeTypeToScriptingClass (13ms)
	initialDomainReloadingComplete (42ms)
	LoadAllAssembliesAndSetupDomain (558ms)
		LoadAssemblies (441ms)
		RebuildTransferFunctionScriptingTraits (0ms)
		AnalyzeDomain (266ms)
			TypeCache.Refresh (149ms)
				TypeCache.ScanAssembly (135ms)
			BuildScriptInfoCaches (97ms)
			ResolveRequiredComponents (14ms)
	FinalizeReload (1060ms)
		ReleaseScriptCaches (0ms)
		RebuildScriptCaches (0ms)
		SetupLoadedEditorAssemblies (819ms)
			LogAssemblyErrors (0ms)
			InitializePlatformSupportModulesInManaged (18ms)
			SetLoadedEditorAssemblies (11ms)
			BeforeProcessingInitializeOnLoad (168ms)
			ProcessInitializeOnLoadAttributes (531ms)
			ProcessInitializeOnLoadMethodAttributes (83ms)
			AfterProcessingInitializeOnLoad (7ms)
			EditorAssembliesLoaded (0ms)
		ExecutionOrderSort2 (0ms)
		AwakeInstancesAfterBackupRestoration (20ms)
Refreshing native plugins compatible for Editor in 0.84 ms, found 3 plugins.
Preloading 0 native plugins for Editor in 0.00 ms.
Unloading 45 Unused Serialized files (Serialized files now loaded: 0)
Unloading 5967 unused Assets / (7.3 MB). Loaded Objects now: 6630.
Memory consumption went from 148.6 MB to 141.3 MB.
Total: 17.476200 ms (FindLiveObjects: 1.148900 ms CreateObjectMapping: 1.016100 ms MarkObjects: 8.144700 ms  DeleteObjects: 7.164500 ms)

Prepare: number of updated asset objects reloaded= 0
========================================================================
Received Import Request.
  Time since last request: 201774.011043 seconds.
  path: Assets/InputSystem_Actions.inputactions
  artifactKey: Guid(052faaac586de48259a63d0c4782560b) Importer(815301076,1909f56bfc062723c751e8b465ee728b)
Start importing Assets/InputSystem_Actions.inputactions using Guid(052faaac586de48259a63d0c4782560b) Importer(815301076,1909f56bfc062723c751e8b465ee728b) (PreviewImporter) -> (artifact id: '02e5b530d5b44d961131ffba578cd945') in 0.0440754 seconds
Number of updated asset objects reloaded before import = 0Number of asset objects unloaded after import = 19

========================================================================
Received Import Request.
  Time since last request: 4.739871 seconds.
  path: Assets/apple.fbx
  artifactKey: Guid(524d346a461617844827ec0242b8c4f2) Importer(815301076,1909f56bfc062723c751e8b465ee728b)
Start importing Assets/apple.fbx using Guid(524d346a461617844827ec0242b8c4f2) Importer(815301076,1909f56bfc062723c751e8b465ee728b) (PreviewImporter) -> (artifact id: '6ef7bbb09c5a553dd980981c957b3089') in 6.3802302 seconds
Number of updated asset objects reloaded before import = 0Number of asset objects unloaded after import = 23

========================================================================
Received Import Request.
  Time since last request: 0.000060 seconds.
  path: Assets/damage_se.mp3
  artifactKey: Guid(133b26c62185a6d4d83432f556dc85f8) Importer(815301076,1909f56bfc062723c751e8b465ee728b)
Start importing Assets/damage_se.mp3 using Guid(133b26c62185a6d4d83432f556dc85f8) Importer(815301076,1909f56bfc062723c751e8b465ee728b) (PreviewImporter) -> (artifact id: 'afd2740cf17a191cd309ae7128c92a22') in 0.0558217 seconds
Number of updated asset objects reloaded before import = 0Number of asset objects unloaded after import = 2

========================================================================
Received Prepare
Refreshing native plugins compatible for Editor in 1.13 ms, found 3 plugins.
Preloading 0 native plugins for Editor in 0.00 ms.
Unloading 34 Unused Serialized files (Serialized files now loaded: 0)
Unloading 35 unused Assets / (3.5 MB). Loaded Objects now: 6823.
Memory consumption went from 155.9 MB to 152.3 MB.
Total: 9.487700 ms (FindLiveObjects: 0.541900 ms CreateObjectMapping: 0.317300 ms MarkObjects: 7.578600 ms  DeleteObjects: 1.048400 ms)

Prepare: number of updated asset objects reloaded= 153
AssetImportParameters requested are different than current active one (requested -> active):
  buildTarget: platform 9, subtarget 2, extendedPlatform 0 -> platform 19, subtarget 2, extendedPlatform 0
  graphicsApiMask: 65536 -> 4
========================================================================
Received Prepare
Refreshing native plugins compatible for Editor in 1.79 ms, found 3 plugins.
Preloading 0 native plugins for Editor in 0.00 ms.
Unloading 34 Unused Serialized files (Serialized files now loaded: 0)
Unloading 34 unused Assets / (3.5 MB). Loaded Objects now: 6823.
Memory consumption went from 155.9 MB to 152.4 MB.
Total: 15.834100 ms (FindLiveObjects: 0.677900 ms CreateObjectMapping: 0.398400 ms MarkObjects: 12.484600 ms  DeleteObjects: 2.270900 ms)

Prepare: number of updated asset objects reloaded= 0
AssetImportParameters requested are different than current active one (requested -> active):
  buildTarget: platform 9, subtarget 2, extendedPlatform 0 -> platform 19, subtarget 2, extendedPlatform 0
  graphicsApiMask: 65536 -> 4
========================================================================
Received Import Request.
  Time since last request: 37.587815 seconds.
  path: Assets/basket.fbx
  artifactKey: Guid(594f0fe694983b743b2e2e9e725a1f7f) Importer(815301076,1909f56bfc062723c751e8b465ee728b)
Start importing Assets/basket.fbx using Guid(594f0fe694983b743b2e2e9e725a1f7f) Importer(815301076,1909f56bfc062723c751e8b465ee728b) (PreviewImporter)State comes from an incompatible keyword space
Expected: From shader: 'Hidden/Universal/CoreBlit' Keyword count: 7 Keywords: STEREO_INSTANCING_ON UNITY_SINGLE_PASS_STEREO STEREO_MULTIVIEW_ON STEREO_CUBEMAP_RENDER_ON BLIT_DECODE_HDR _LINEAR_TO_SRGB_CONVERSION DEBUG_DISPLAY
Actual: From shader: 'Hidden/InternalErrorShader' Keyword count: 7 Keywords: STEREO_INSTANCING_ON UNITY_SINGLE_PASS_STEREO STEREO_MULTIVIEW_ON STEREO_CUBEMAP_RENDER_ON FOG_LINEAR FOG_EXP FOG_EXP2
0x00007ff86e119d2d (Unity) StackWalker::ShowCallstack
0x00007ff86e129ce9 (Unity) PlatformStacktrace::GetStacktrace
0x00007ff86f3973ae (Unity) Stacktrace::GetStacktrace
0x00007ff86f93feef (Unity) DebugStringToFile
0x00007ff86f93faaa (Unity) AssertImplementation
0x00007ff86dddd58e (Unity) keywords::LocalKeywordState::ReportIncompatibleKeywordSpace
0x00007ff86dd8dd35 (Unity) Material::ResetKeywords
0x00007ff86db52721 (Unity) MaterialScripting::SetEnabledKeywords
0x00007ff86d2b1c5c (Unity) Material_CUSTOM_SetEnabledKeywords
0x0000017b1dddfbad (Mono JIT Code) (wrapper managed-to-native) UnityEngine.Material:SetEnabledKeywords_Injected (intptr,UnityEngine.Rendering.LocalKeyword[])
0x0000017b1ddeff2b (Mono JIT Code) UnityEngine.Material:SetEnabledKeywords (UnityEngine.Rendering.LocalKeyword[])
0x0000017b1ddefe63 (Mono JIT Code) UnityEngine.Material:set_enabledKeywords (UnityEngine.Rendering.LocalKeyword[])
0x0000017b1addf213 (Mono JIT Code) UnityEngine.Rendering.Universal.Internal.FinalBlitPass/<>c:<Render>b__17_0 (UnityEngine.Rendering.Universal.Internal.FinalBlitPass/PassData,UnityEngine.Rendering.RenderGraphModule.RasterGraphContext) (at ./Library/PackageCache/com.unity.render-pipelines.universal@0b68ece7aa54/Runtime/Passes/FinalBlitPass.cs:315)
0x0000017b1ddeddb1 (Mono JIT Code) UnityEngine.Rendering.RenderGraphModule.RasterRenderGraphPass`1<PassData_REF>:Execute (UnityEngine.Rendering.RenderGraphModule.InternalRenderGraphContext) (at ./Library/PackageCache/com.unity.render-pipelines.core@38fdc9b96878/Runtime/RenderGraph/RenderGraphPass.cs:603)
0x0000017b1ddd9182 (Mono JIT Code) UnityEngine.Rendering.RenderGraphModule.NativeRenderPassCompiler.NativePassCompiler:ExecuteGraphNode (UnityEngine.Rendering.RenderGraphModule.InternalRenderGraphContext&,UnityEngine.Rendering.RenderGraphModule.RenderGraphResourceRegistry,UnityEngine.Rendering.RenderGraphModule.RenderGraphPass) (at ./Library/PackageCache/com.unity.render-pipelines.core@38fdc9b96878/Runtime/RenderGraph/Compiler/NativePassCompiler.cs:1328)
0x0000017b1ddd6e7b (Mono JIT Code) UnityEngine.Rendering.RenderGraphModule.NativeRenderPassCompiler.NativePassCompiler:ExecuteGraph (UnityEngine.Rendering.RenderGraphModule.InternalRenderGraphContext,UnityEngine.Rendering.RenderGraphModule.RenderGraphResourceRegistry,System.Collections.Generic.List`1<UnityEngine.Rendering.RenderGraphModule.RenderGraphPass>&) (at ./Library/PackageCache/com.unity.render-pipelines.core@38fdc9b96878/Runtime/RenderGraph/Compiler/NativePassCompiler.cs:1431)
0x0000017b1ddd684b (Mono JIT Code) UnityEngine.Rendering.RenderGraphModule.RenderGraph:ExecuteNativeRenderGraph () (at ./Library/PackageCache/com.unity.render-pipelines.core@38fdc9b96878/Runtime/RenderGraph/RenderGraph.Compiler.cs:44)
0x0000017b1adcd6b3 (Mono JIT Code) UnityEngine.Rendering.RenderGraphModule.RenderGraph:Execute () (at ./Library/PackageCache/com.unity.render-pipelines.core@38fdc9b96878/Runtime/RenderGraph/RenderGraph.cs:1233)
0x0000017b1adcd51b (Mono JIT Code) UnityEngine.Rendering.RenderGraphModule.RenderGraph:EndRecordingAndExecute () (at ./Library/PackageCache/com.unity.render-pipelines.core@38fdc9b96878/Runtime/RenderGraph/RenderGraph.cs:1197)
0x0000017b1ad761a3 (Mono JIT Code) UnityEngine.Rendering.Universal.UniversalRenderPipeline:RecordAndExecuteRenderGraph (UnityEngine.Rendering.RenderGraphModule.RenderGraph,UnityEngine.Rendering.ScriptableRenderContext,UnityEngine.Rendering.Universal.ScriptableRenderer,UnityEngine.Rendering.CommandBuffer,UnityEngine.Camera,string) (at ./Library/PackageCache/com.unity.render-pipelines.universal@0b68ece7aa54/Runtime/UniversalRenderPipelineRenderGraph.cs:26)
0x0000017b1a74a973 (Mono JIT Code) UnityEngine.Rendering.Universal.UniversalRenderPipeline:RenderSingleCamera (UnityEngine.Rendering.ScriptableRenderContext,UnityEngine.Rendering.Universal.UniversalCameraData) (at ./Library/PackageCache/com.unity.render-pipelines.universal@0b68ece7aa54/Runtime/UniversalRenderPipeline.cs:858)
0x0000017b1a7413cb (Mono JIT Code) UnityEngine.Rendering.Universal.UniversalRenderPipeline:RenderSingleCameraInternal (UnityEngine.Rendering.ScriptableRenderContext,UnityEngine.Camera,UnityEngine.Rendering.Universal.UniversalAdditionalCameraData&) (at ./Library/PackageCache/com.unity.render-pipelines.universal@0b68ece7aa54/Runtime/UniversalRenderPipeline.cs:691)
0x0000017b1a740fcb (Mono JIT Code) UnityEngine.Rendering.Universal.UniversalRenderPipeline:RenderSingleCameraInternal (UnityEngine.Rendering.ScriptableRenderContext,UnityEngine.Camera) (at ./Library/PackageCache/com.unity.render-pipelines.universal@0b68ece7aa54/Runtime/UniversalRenderPipeline.cs:666)
0x0000017b1a737b43 (Mono JIT Code) UnityEngine.Rendering.Universal.UniversalRenderPipeline:Render (UnityEngine.Rendering.ScriptableRenderContext,System.Collections.Generic.List`1<UnityEngine.Camera>) (at ./Library/PackageCache/com.unity.render-pipelines.universal@0b68ece7aa54/Runtime/UniversalRenderPipeline.cs:483)
0x0000017b1a737649 (Mono JIT Code) UnityEngine.Rendering.RenderPipeline:InternalRender (UnityEngine.Rendering.ScriptableRenderContext,System.Collections.Generic.List`1<UnityEngine.Camera>)
0x0000017b11e83553 (Mono JIT Code) UnityEngine.Rendering.RenderPipelineManager:DoRenderLoop_Internal (UnityEngine.Rendering.RenderPipelineAsset,intptr,UnityEngine.Object,Unity.Collections.LowLevel.Unsafe.AtomicSafetyHandle)
0x0000017b11e837c8 (Mono JIT Code) (wrapper runtime-invoke) <Module>:runtime_invoke_void_object_intptr_object_AtomicSafetyHandle (object,intptr,intptr,intptr)
0x00007ff8a6f768de (mono-2.0-bdwgc) mono_jit_runtime_invoke (at C:/build/output/Unity-Technologies/mono/mono/mini/mini-runtime.c:3445)
0x00007ff8a6eb8404 (mono-2.0-bdwgc) do_runtime_invoke (at C:/build/output/Unity-Technologies/mono/mono/metadata/object.c:3068)
0x00007ff8a6eb84f0 (mono-2.0-bdwgc) mono_runtime_invoke (at C:/build/output/Unity-Technologies/mono/mono/metadata/object.c:3115)
0x00007ff86e03e034 (Unity) scripting_method_invoke
0x00007ff86e015db3 (Unity) ScriptingInvocation::Invoke
0x00007ff86e011075 (Unity) ScriptingInvocation::Invoke<void>
0x00007ff86e19bbef (Unity) Scripting::UnityEngine::Rendering::RenderPipelineManagerProxy::DoRenderLoop_Internal
0x00007ff86dbf591c (Unity) ScriptableRenderContext::ExtractAndExecuteRenderPipeline
0x00007ff86d93f1ee (Unity) Camera::CustomRenderWithPipeline
0x00007ff86d94c9a4 (Unity) Camera::StandaloneCustomRender
0x00007ff86d94cc17 (Unity) Camera::StandaloneRender
0x00007ff86d94626e (Unity) CameraScripting::Render
0x00007ff86d21cb77 (Unity) Camera_CUSTOM_Render
0x0000017b11e8330a (Mono JIT Code) (wrapper managed-to-native) UnityEngine.Camera:Render_Injected (intptr)
0x0000017b11e8326b (Mono JIT Code) UnityEngine.Camera:Render ()
0x0000017b11e8266b (Mono JIT Code) UnityEditor.PreviewRenderUtility:Render (bool,bool)
0x0000017b11e81a2b (Mono JIT Code) UnityEditor.GameObjectInspector:DoRenderPreview (UnityEditor.GameObjectInspector/PreviewData)
0x0000017b11e58aab (Mono JIT Code) UnityEditor.GameObjectInspector:RenderStaticPreview (string,UnityEngine.Object[],int,int)
0x0000017b11e3f65d (Mono JIT Code) UnityEditor.AssetPreviewUpdater:CreatePreview (UnityEngine.Object,UnityEngine.Object[],string,int,int)
0x0000017b11e3f363 (Mono JIT Code) UnityEditor.AssetPreviewUpdater:CreatePreviewForAsset (UnityEngine.Object,UnityEngine.Object[],string)
0x0000017b11e3f420 (Mono JIT Code) (wrapper runtime-invoke) <Module>:runtime_invoke_object_object_object_object (object,intptr,intptr,intptr)
0x00007ff8a6f768de (mono-2.0-bdwgc) mono_jit_runtime_invoke (at C:/build/output/Unity-Technologies/mono/mono/mini/mini-runtime.c:3445)
0x00007ff8a6eb8404 (mono-2.0-bdwgc) do_runtime_invoke (at C:/build/output/Unity-Technologies/mono/mono/metadata/object.c:3068)
0x00007ff8a6eb84f0 (mono-2.0-bdwgc) mono_runtime_invoke (at C:/build/output/Unity-Technologies/mono/mono/metadata/object.c:3115)
0x00007ff86e03e034 (Unity) scripting_method_invoke
0x00007ff86e015db3 (Unity) ScriptingInvocation::Invoke
0x00007ff86f519cae (Unity) MonoCreateAssetPreview
0x00007ff86f51a953 (Unity) WriteAssetPreviewToFile
0x00007ff86f51af2b (Unity) WritePreviews
0x00007ff86f518a45 (Unity) PreviewImporter::GenerateAssetData
0x00007ff86f6169a2 (Unity) ImportToObjects
0x00007ff86f615818 (Unity) ImportAsset
0x00007ff86f5b3271 (Unity) AssetImportWorker::Import
0x00007ff86f564fa4 (Unity) <lambda_319826b16fd6fd0002c11364be971df3>::operator()
0x00007ff86f649e5e (Unity) asio::detail::completion_handler<core::mutable_function<void __cdecl(void)>,asio::io_context::basic_executor_type<std::allocator<void>,0> >::do_complete
0x00007ff86f6376ea (Unity) asio::detail::win_iocp_io_context::do_one
0x00007ff86f638a54 (Unity) asio::detail::win_iocp_io_context::run
0x00007ff86f64847c (Unity) IOService::Run
0x00007ff86f5907a6 (Unity) RunAssetImportWorkerClientV2
0x00007ff86f59086b (Unity) RunAssetImporterV2
0x00007ff86ed9a0e8 (Unity) Application::InitializeProject
0x00007ff86f3a19a5 (Unity) UnityMain
0x00007ff6ee002fba (Unity) __scrt_common_main_seh
0x00007ff96b32e8d7 (KERNEL32) BaseThreadInitThunk
0x00007ff96c03c5dc (ntdll) RtlUserThreadStart

State comes from an incompatible keyword space
Expected: From shader: 'Hidden/Universal/CoreBlit' Keyword count: 7 Keywords: STEREO_INSTANCING_ON UNITY_SINGLE_PASS_STEREO STEREO_MULTIVIEW_ON STEREO_CUBEMAP_RENDER_ON BLIT_DECODE_HDR _LINEAR_TO_SRGB_CONVERSION DEBUG_DISPLAY
Actual: From shader: 'Hidden/InternalErrorShader' Keyword count: 7 Keywords: STEREO_INSTANCING_ON UNITY_SINGLE_PASS_STEREO STEREO_MULTIVIEW_ON STEREO_CUBEMAP_RENDER_ON FOG_LINEAR FOG_EXP FOG_EXP2
0x00007ff86e119d2d (Unity) StackWalker::ShowCallstack
0x00007ff86e129ce9 (Unity) PlatformStacktrace::GetStacktrace
0x00007ff86f3973ae (Unity) Stacktrace::GetStacktrace
0x00007ff86f93feef (Unity) DebugStringToFile
0x00007ff86f93faaa (Unity) AssertImplementation
0x00007ff86dddd58e (Unity) keywords::LocalKeywordState::ReportIncompatibleKeywordSpace
0x00007ff86dde1473 (Unity) keywords::LocalSpace::KeywordNamesFromState
0x00007ff86dd914e9 (Unity) SharedMaterialData::SetShader
0x00007ff86dd94ae9 (Unity) Material::UpdateHashesOnPropertyChange
0x00007ff86dd9232e (Unity) Material::SetTextureInternal
0x00007ff86d2c7b49 (Unity) Material_CUSTOM_SetTextureImpl
0x0000017b1ad6b2b8 (Mono JIT Code) (wrapper managed-to-native) UnityEngine.Material:SetTextureImpl_Injected (intptr,int,intptr)
0x0000017b1ad6b203 (Mono JIT Code) UnityEngine.Material:SetTextureImpl (int,UnityEngine.Texture)
0x0000017b1adb81e3 (Mono JIT Code) UnityEngine.Material:SetTexture (int,UnityEngine.Texture)
0x0000017b1addf2fb (Mono JIT Code) UnityEngine.Rendering.Universal.Internal.FinalBlitPass/<>c:<Render>b__17_0 (UnityEngine.Rendering.Universal.Internal.FinalBlitPass/PassData,UnityEngine.Rendering.RenderGraphModule.RasterGraphContext) (at ./Library/PackageCache/com.unity.render-pipelines.universal@0b68ece7aa54/Runtime/Passes/FinalBlitPass.cs:318)
0x0000017b1ddeddb1 (Mono JIT Code) UnityEngine.Rendering.RenderGraphModule.RasterRenderGraphPass`1<PassData_REF>:Execute (UnityEngine.Rendering.RenderGraphModule.InternalRenderGraphContext) (at ./Library/PackageCache/com.unity.render-pipelines.core@38fdc9b96878/Runtime/RenderGraph/RenderGraphPass.cs:603)
0x0000017b1ddd9182 (Mono JIT Code) UnityEngine.Rendering.RenderGraphModule.NativeRenderPassCompiler.NativePassCompiler:ExecuteGraphNode (UnityEngine.Rendering.RenderGraphModule.InternalRenderGraphContext&,UnityEngine.Rendering.RenderGraphModule.RenderGraphResourceRegistry,UnityEngine.Rendering.RenderGraphModule.RenderGraphPass) (at ./Library/PackageCache/com.unity.render-pipelines.core@38fdc9b96878/Runtime/RenderGraph/Compiler/NativePassCompiler.cs:1328)
0x0000017b1ddd6e7b (Mono JIT Code) UnityEngine.Rendering.RenderGraphModule.NativeRenderPassCompiler.NativePassCompiler:ExecuteGraph (UnityEngine.Rendering.RenderGraphModule.InternalRenderGraphContext,UnityEngine.Rendering.RenderGraphModule.RenderGraphResourceRegistry,System.Collections.Generic.List`1<UnityEngine.Rendering.RenderGraphModule.RenderGraphPass>&) (at ./Library/PackageCache/com.unity.render-pipelines.core@38fdc9b96878/Runtime/RenderGraph/Compiler/NativePassCompiler.cs:1431)
0x0000017b1ddd684b (Mono JIT Code) UnityEngine.Rendering.RenderGraphModule.RenderGraph:ExecuteNativeRenderGraph () (at ./Library/PackageCache/com.unity.render-pipelines.core@38fdc9b96878/Runtime/RenderGraph/RenderGraph.Compiler.cs:44)
0x0000017b1adcd6b3 (Mono JIT Code) UnityEngine.Rendering.RenderGraphModule.RenderGraph:Execute () (at ./Library/PackageCache/com.unity.render-pipelines.core@38fdc9b96878/Runtime/RenderGraph/RenderGraph.cs:1233)
0x0000017b1adcd51b (Mono JIT Code) UnityEngine.Rendering.RenderGraphModule.RenderGraph:EndRecordingAndExecute () (at ./Library/PackageCache/com.unity.render-pipelines.core@38fdc9b96878/Runtime/RenderGraph/RenderGraph.cs:1197)
0x0000017b1ad761a3 (Mono JIT Code) UnityEngine.Rendering.Universal.UniversalRenderPipeline:RecordAndExecuteRenderGraph (UnityEngine.Rendering.RenderGraphModule.RenderGraph,UnityEngine.Rendering.ScriptableRenderContext,UnityEngine.Rendering.Universal.ScriptableRenderer,UnityEngine.Rendering.CommandBuffer,UnityEngine.Camera,string) (at ./Library/PackageCache/com.unity.render-pipelines.universal@0b68ece7aa54/Runtime/UniversalRenderPipelineRenderGraph.cs:26)
0x0000017b1a74a973 (Mono JIT Code) UnityEngine.Rendering.Universal.UniversalRenderPipeline:RenderSingleCamera (UnityEngine.Rendering.ScriptableRenderContext,UnityEngine.Rendering.Universal.UniversalCameraData) (at ./Library/PackageCache/com.unity.render-pipelines.universal@0b68ece7aa54/Runtime/UniversalRenderPipeline.cs:858)
0x0000017b1a7413cb (Mono JIT Code) UnityEngine.Rendering.Universal.UniversalRenderPipeline:RenderSingleCameraInternal (UnityEngine.Rendering.ScriptableRenderContext,UnityEngine.Camera,UnityEngine.Rendering.Universal.UniversalAdditionalCameraData&) (at ./Library/PackageCache/com.unity.render-pipelines.universal@0b68ece7aa54/Runtime/UniversalRenderPipeline.cs:691)
0x0000017b1a740fcb (Mono JIT Code) UnityEngine.Rendering.Universal.UniversalRenderPipeline:RenderSingleCameraInternal (UnityEngine.Rendering.ScriptableRenderContext,UnityEngine.Camera) (at ./Library/PackageCache/com.unity.render-pipelines.universal@0b68ece7aa54/Runtime/UniversalRenderPipeline.cs:666)
0x0000017b1a737b43 (Mono JIT Code) UnityEngine.Rendering.Universal.UniversalRenderPipeline:Render (UnityEngine.Rendering.ScriptableRenderContext,System.Collections.Generic.List`1<UnityEngine.Camera>) (at ./Library/PackageCache/com.unity.render-pipelines.universal@0b68ece7aa54/Runtime/UniversalRenderPipeline.cs:483)
0x0000017b1a737649 (Mono JIT Code) UnityEngine.Rendering.RenderPipeline:InternalRender (UnityEngine.Rendering.ScriptableRenderContext,System.Collections.Generic.List`1<UnityEngine.Camera>)
0x0000017b11e83553 (Mono JIT Code) UnityEngine.Rendering.RenderPipelineManager:DoRenderLoop_Internal (UnityEngine.Rendering.RenderPipelineAsset,intptr,UnityEngine.Object,Unity.Collections.LowLevel.Unsafe.AtomicSafetyHandle)
0x0000017b11e837c8 (Mono JIT Code) (wrapper runtime-invoke) <Module>:runtime_invoke_void_object_intptr_object_AtomicSafetyHandle (object,intptr,intptr,intptr)
0x00007ff8a6f768de (mono-2.0-bdwgc) mono_jit_runtime_invoke (at C:/build/output/Unity-Technologies/mono/mono/mini/mini-runtime.c:3445)
0x00007ff8a6eb8404 (mono-2.0-bdwgc) do_runtime_invoke (at C:/build/output/Unity-Technologies/mono/mono/metadata/object.c:3068)
0x00007ff8a6eb84f0 (mono-2.0-bdwgc) mono_runtime_invoke (at C:/build/output/Unity-Technologies/mono/mono/metadata/object.c:3115)
0x00007ff86e03e034 (Unity) scripting_method_invoke
0x00007ff86e015db3 (Unity) ScriptingInvocation::Invoke
0x00007ff86e011075 (Unity) ScriptingInvocation::Invoke<void>
0x00007ff86e19bbef (Unity) Scripting::UnityEngine::Rendering::RenderPipelineManagerProxy::DoRenderLoop_Internal
0x00007ff86dbf591c (Unity) ScriptableRenderContext::ExtractAndExecuteRenderPipeline
0x00007ff86d93f1ee (Unity) Camera::CustomRenderWithPipeline
0x00007ff86d94c9a4 (Unity) Camera::StandaloneCustomRender
0x00007ff86d94cc17 (Unity) Camera::StandaloneRender
0x00007ff86d94626e (Unity) CameraScripting::Render
0x00007ff86d21cb77 (Unity) Camera_CUSTOM_Render
0x0000017b11e8330a (Mono JIT Code) (wrapper managed-to-native) UnityEngine.Camera:Render_Injected (intptr)
0x0000017b11e8326b (Mono JIT Code) UnityEngine.Camera:Render ()
0x0000017b11e8266b (Mono JIT Code) UnityEditor.PreviewRenderUtility:Render (bool,bool)
0x0000017b11e81a2b (Mono JIT Code) UnityEditor.GameObjectInspector:DoRenderPreview (UnityEditor.GameObjectInspector/PreviewData)
0x0000017b11e58aab (Mono JIT Code) UnityEditor.GameObjectInspector:RenderStaticPreview (string,UnityEngine.Object[],int,int)
0x0000017b11e3f65d (Mono JIT Code) UnityEditor.AssetPreviewUpdater:CreatePreview (UnityEngine.Object,UnityEngine.Object[],string,int,int)
0x0000017b11e3f363 (Mono JIT Code) UnityEditor.AssetPreviewUpdater:CreatePreviewForAsset (UnityEngine.Object,UnityEngine.Object[],string)
0x0000017b11e3f420 (Mono JIT Code) (wrapper runtime-invoke) <Module>:runtime_invoke_object_object_object_object (object,intptr,intptr,intptr)
0x00007ff8a6f768de (mono-2.0-bdwgc) mono_jit_runtime_invoke (at C:/build/output/Unity-Technologies/mono/mono/mini/mini-runtime.c:3445)
0x00007ff8a6eb8404 (mono-2.0-bdwgc) do_runtime_invoke (at C:/build/output/Unity-Technologies/mono/mono/metadata/object.c:3068)
0x00007ff8a6eb84f0 (mono-2.0-bdwgc) mono_runtime_invoke (at C:/build/output/Unity-Technologies/mono/mono/metadata/object.c:3115)
0x00007ff86e03e034 (Unity) scripting_method_invoke
0x00007ff86e015db3 (Unity) ScriptingInvocation::Invoke
0x00007ff86f519cae (Unity) MonoCreateAssetPreview
0x00007ff86f51a953 (Unity) WriteAssetPreviewToFile
0x00007ff86f51af2b (Unity) WritePreviews
0x00007ff86f518a45 (Unity) PreviewImporter::GenerateAssetData
0x00007ff86f6169a2 (Unity) ImportToObjects
0x00007ff86f615818 (Unity) ImportAsset
0x00007ff86f5b3271 (Unity) AssetImportWorker::Import
0x00007ff86f564fa4 (Unity) <lambda_319826b16fd6fd0002c11364be971df3>::operator()
0x00007ff86f649e5e (Unity) asio::detail::completion_handler<core::mutable_function<void __cdecl(void)>,asio::io_context::basic_executor_type<std::allocator<void>,0> >::do_complete
0x00007ff86f6376ea (Unity) asio::detail::win_iocp_io_context::do_one
0x00007ff86f638a54 (Unity) asio::detail::win_iocp_io_context::run
0x00007ff86f64847c (Unity) IOService::Run
0x00007ff86f5907a6 (Unity) RunAssetImportWorkerClientV2
0x00007ff86f59086b (Unity) RunAssetImporterV2
0x00007ff86ed9a0e8 (Unity) Application::InitializeProject
0x00007ff86f3a19a5 (Unity) UnityMain
0x00007ff6ee002fba (Unity) __scrt_common_main_seh
0x00007ff96b32e8d7 (KERNEL32) BaseThreadInitThunk
0x00007ff96c03c5dc (ntdll) RtlUserThreadStart

 -> (artifact id: 'a58bf8c5e732ac7830308c36854dbbe5') in 11.603279 seconds
Number of updated asset objects reloaded before import = 0Number of asset objects unloaded after import = 10

========================================================================
Received Prepare
Begin MonoManager ReloadAssembly
- Loaded All Assemblies, in  1.127 seconds
Refreshing native plugins compatible for Editor in 2.67 ms, found 3 plugins.
Native extension for iOS target not found
Native extension for WindowsStandalone target not found
Mono: successfully reloaded assembly
- Finished resetting the current domain, in  1.308 seconds
Domain Reload Profiling: 2437ms
	BeginReloadAssembly (358ms)
		ExecutionOrderSort (0ms)
		DisableScriptedObjects (35ms)
		BackupInstance (0ms)
		ReleaseScriptingObjects (0ms)
		CreateAndSetChildDomain (107ms)
	RebuildCommonClasses (65ms)
	RebuildNativeTypeToScriptingClass (19ms)
	initialDomainReloadingComplete (43ms)
	LoadAllAssembliesAndSetupDomain (643ms)
		LoadAssemblies (486ms)
		RebuildTransferFunctionScriptingTraits (0ms)
		AnalyzeDomain (314ms)
			TypeCache.Refresh (173ms)
				TypeCache.ScanAssembly (160ms)
			BuildScriptInfoCaches (120ms)
			ResolveRequiredComponents (16ms)
	FinalizeReload (1309ms)
		ReleaseScriptCaches (0ms)
		RebuildScriptCaches (0ms)
		SetupLoadedEditorAssemblies (965ms)
			LogAssemblyErrors (0ms)
			InitializePlatformSupportModulesInManaged (24ms)
			SetLoadedEditorAssemblies (11ms)
			BeforeProcessingInitializeOnLoad (205ms)
			ProcessInitializeOnLoadAttributes (628ms)
			ProcessInitializeOnLoadMethodAttributes (91ms)
			AfterProcessingInitializeOnLoad (6ms)
			EditorAssembliesLoaded (0ms)
		ExecutionOrderSort2 (0ms)
		AwakeInstancesAfterBackupRestoration (22ms)
Refreshing native plugins compatible for Editor in 1.52 ms, found 3 plugins.
Preloading 0 native plugins for Editor in 0.00 ms.
Unloading 34 Unused Serialized files (Serialized files now loaded: 0)
Unloading 5968 unused Assets / (5.5 MB). Loaded Objects now: 6704.
Memory consumption went from 156.4 MB to 150.9 MB.
Total: 11.508200 ms (FindLiveObjects: 0.544500 ms CreateObjectMapping: 0.393400 ms MarkObjects: 6.791100 ms  DeleteObjects: 3.777300 ms)

Prepare: number of updated asset objects reloaded= 0
Editor requested this worker to shutdown with reason: Scaling down because of idle timeout
AssetImportWorker is now disconnected from the server
Process exiting
Exiting without the bug reporter. Application will terminate with return code 0