Using pre-set license
Built from '6000.0/staging' branch; Version is '6000.0.39f1 (15ea7ed0b100) revision 1436286'; Using compiler version '193933523'; Build Type 'Release'
OS: 'Windows 11  (10.0.26100) 64bit Core' Language: 'ko' Physical Memory: 16074 MB
BatchMode: 1, IsHumanControllingUs: 0, StartBugReporterOnCrash: 0, Is64bit: 1, IsPro: 1

COMMAND LINE ARGUMENTS:
C:\Program Files\Unity\Hub\Editor\6000.0.39f1\Editor\Unity.exe
-adb2
-batchMode
-noUpm
-name
AssetImportWorker22
-projectPath
C:/Users/ieoql/unity/HyewonKo
-logFile
Logs/AssetImportWorker22.log
-srvPort
5292
-job-worker-count
7
-background-job-worker-count
8
-gc-helper-count
1
Successfully changed project path to: C:/Users/ieoql/unity/HyewonKo
C:/Users/ieoql/unity/HyewonKo
[UnityMemory] Configuration Parameters - Can be set up in boot.config
    "memorysetup-bucket-allocator-granularity=16"
    "memorysetup-bucket-allocator-bucket-count=8"
    "memorysetup-bucket-allocator-block-size=33554432"
    "memorysetup-bucket-allocator-block-count=8"
    "memorysetup-main-allocator-block-size=16777216"
    "memorysetup-thread-allocator-block-size=16777216"
    "memorysetup-gfx-main-allocator-block-size=16777216"
    "memorysetup-gfx-thread-allocator-block-size=16777216"
    "memorysetup-cache-allocator-block-size=4194304"
    "memorysetup-typetree-allocator-block-size=2097152"
    "memorysetup-profiler-bucket-allocator-granularity=16"
    "memorysetup-profiler-bucket-allocator-bucket-count=8"
    "memorysetup-profiler-bucket-allocator-block-size=33554432"
    "memorysetup-profiler-bucket-allocator-block-count=8"
    "memorysetup-profiler-allocator-block-size=16777216"
    "memorysetup-profiler-editor-allocator-block-size=1048576"
    "memorysetup-temp-allocator-size-main=16777216"
    "memorysetup-job-temp-allocator-block-size=2097152"
    "memorysetup-job-temp-allocator-block-size-background=1048576"
    "memorysetup-job-temp-allocator-reduction-small-platforms=262144"
    "memorysetup-allocator-temp-initial-block-size-main=262144"
    "memorysetup-allocator-temp-initial-block-size-worker=262144"
    "memorysetup-temp-allocator-size-background-worker=32768"
    "memorysetup-temp-allocator-size-job-worker=262144"
    "memorysetup-temp-allocator-size-preload-manager=33554432"
    "memorysetup-temp-allocator-size-nav-mesh-worker=65536"
    "memorysetup-temp-allocator-size-audio-worker=65536"
    "memorysetup-temp-allocator-size-cloud-worker=32768"
    "memorysetup-temp-allocator-size-gi-baking-worker=262144"
    "memorysetup-temp-allocator-size-gi-baking-worker=262144"
    "memorysetup-temp-allocator-size-gi-baking-worker=262144"
    "memorysetup-temp-allocator-size-gi-baking-worker=262144"
    "memorysetup-temp-allocator-size-gi-baking-worker=262144"
    "memorysetup-temp-allocator-size-gfx=262144"
Player connection [77220]  Target information:

Player connection [77220]  * "[IP] 192.168.219.109 [Port] 0 [Flags] 2 [Guid] 879867749 [EditorId] 879867749 [Version] 1048832 [Id] WindowsEditor(7,GalaxyBook) [Debug] 1 [PackageName] WindowsEditor [ProjectName] Editor" 

Player connection [77220] Host joined multi-casting on [225.0.0.222:54997]...
Player connection [77220] Host joined alternative multi-casting on [225.0.0.222:34997]...
JobSystem: Creating JobQueue using job-worker-count value 7
Input System module state changed to: Initialized.
[Physics::Module] Initialized fallback backend.
[Physics::Module] Id: 0xdecafbad
Library Redirect Path: Library/
[Physics::Module] Selected backend.
[Physics::Module] Name: PhysX
[Physics::Module] Id: 0xf2b8ea05
[Physics::Module] SDK Version: 4.1.2
[Physics::Module] Integration Version: 1.0.0
[Physics::Module] Threading Mode: Multi-Threaded
Refreshing native plugins compatible for Editor in 5.38 ms, found 3 plugins.
Preloading 0 native plugins for Editor in 0.00 ms.
Initialize engine version: 6000.0.39f1 (15ea7ed0b100)
[Subsystems] Discovering subsystems at path C:/Program Files/Unity/Hub/Editor/6000.0.39f1/Editor/Data/Resources/UnitySubsystems
[Subsystems] Discovering subsystems at path C:/Users/ieoql/unity/HyewonKo/Assets
GfxDevice: creating device client; kGfxThreadingModeNonThreaded
Direct3D:
    Version:  Direct3D 11.0 [level 11.1]
    Renderer: Intel(R) Iris(R) Xe Graphics (ID=0xa7a0)
    Vendor:   Intel
    VRAM:     8037 MB
    Driver:   31.0.101.4314
Initialize mono
Mono path[0] = 'C:/Program Files/Unity/Hub/Editor/6000.0.39f1/Editor/Data/Managed'
Mono path[1] = 'C:/Program Files/Unity/Hub/Editor/6000.0.39f1/Editor/Data/MonoBleedingEdge/lib/mono/unityjit-win32'
Mono config path = 'C:/Program Files/Unity/Hub/Editor/6000.0.39f1/Editor/Data/MonoBleedingEdge/etc'
Using monoOptions --debugger-agent=transport=dt_socket,embedding=1,server=y,suspend=n,address=127.0.0.1:56404
Begin MonoManager ReloadAssembly
Registering precompiled unity dll's ...
Register platform support module: C:/Program Files/Unity/Hub/Editor/6000.0.39f1/Editor/Data/PlaybackEngines/WindowsStandaloneSupport/UnityEditor.WindowsStandalone.Extensions.dll
Register platform support module: C:/Program Files/Unity/Hub/Editor/6000.0.39f1/Editor/Data/PlaybackEngines/AndroidPlayer/UnityEditor.Android.Extensions.dll
Register platform support module: C:/Program Files/Unity/Hub/Editor/6000.0.39f1/Editor/Data/PlaybackEngines/iOSSupport/UnityEditor.iOS.Extensions.dll
Registered in 0.007050 seconds.
- Loaded All Assemblies, in  1.877 seconds
[usbmuxd] Start listen thread
[usbmuxd] Listen thread started
Native extension for iOS target not found
Native extension for Android target not found
Native extension for WindowsStandalone target not found
Mono: successfully reloaded assembly
- Finished resetting the current domain, in  0.609 seconds
Domain Reload Profiling: 2483ms
	BeginReloadAssembly (237ms)
		ExecutionOrderSort (0ms)
		DisableScriptedObjects (0ms)
		BackupInstance (0ms)
		ReleaseScriptingObjects (0ms)
		CreateAndSetChildDomain (1ms)
	RebuildCommonClasses (84ms)
	RebuildNativeTypeToScriptingClass (14ms)
	initialDomainReloadingComplete (64ms)
	LoadAllAssembliesAndSetupDomain (1476ms)
		LoadAssemblies (235ms)
		RebuildTransferFunctionScriptingTraits (0ms)
		AnalyzeDomain (1470ms)
			TypeCache.Refresh (1467ms)
				TypeCache.ScanAssembly (1439ms)
			BuildScriptInfoCaches (0ms)
			ResolveRequiredComponents (1ms)
	FinalizeReload (610ms)
		ReleaseScriptCaches (0ms)
		RebuildScriptCaches (0ms)
		SetupLoadedEditorAssemblies (548ms)
			LogAssemblyErrors (0ms)
			InitializePlatformSupportModulesInManaged (116ms)
			SetLoadedEditorAssemblies (4ms)
			BeforeProcessingInitializeOnLoad (68ms)
			ProcessInitializeOnLoadAttributes (256ms)
			ProcessInitializeOnLoadMethodAttributes (105ms)
			AfterProcessingInitializeOnLoad (0ms)
			EditorAssembliesLoaded (0ms)
		ExecutionOrderSort2 (0ms)
		AwakeInstancesAfterBackupRestoration (0ms)
========================================================================
Worker process is ready to serve import requests
Import Worker Mode flag is 0x00
Begin MonoManager ReloadAssembly
Symbol file LoadedFromMemory is not a mono symbol file
- Loaded All Assemblies, in  1.374 seconds
Refreshing native plugins compatible for Editor in 6.81 ms, found 3 plugins.
Native extension for iOS target not found
Native extension for Android target not found
Native extension for WindowsStandalone target not found
Refreshing native plugins compatible for Editor in 1.84 ms, found 3 plugins.
Mono: successfully reloaded assembly
- Finished resetting the current domain, in  1.320 seconds
Domain Reload Profiling: 2690ms
	BeginReloadAssembly (206ms)
		ExecutionOrderSort (0ms)
		DisableScriptedObjects (8ms)
		BackupInstance (0ms)
		ReleaseScriptingObjects (0ms)
		CreateAndSetChildDomain (30ms)
	RebuildCommonClasses (63ms)
	RebuildNativeTypeToScriptingClass (27ms)
	initialDomainReloadingComplete (52ms)
	LoadAllAssembliesAndSetupDomain (1022ms)
		LoadAssemblies (769ms)
		RebuildTransferFunctionScriptingTraits (0ms)
		AnalyzeDomain (382ms)
			TypeCache.Refresh (279ms)
				TypeCache.ScanAssembly (241ms)
			BuildScriptInfoCaches (83ms)
			ResolveRequiredComponents (15ms)
	FinalizeReload (1321ms)
		ReleaseScriptCaches (0ms)
		RebuildScriptCaches (0ms)
		SetupLoadedEditorAssemblies (1153ms)
			LogAssemblyErrors (0ms)
			InitializePlatformSupportModulesInManaged (20ms)
			SetLoadedEditorAssemblies (4ms)
			BeforeProcessingInitializeOnLoad (200ms)
			ProcessInitializeOnLoadAttributes (818ms)
			ProcessInitializeOnLoadMethodAttributes (106ms)
			AfterProcessingInitializeOnLoad (4ms)
			EditorAssembliesLoaded (0ms)
		ExecutionOrderSort2 (0ms)
		AwakeInstancesAfterBackupRestoration (10ms)
Launched and connected shader compiler UnityShaderCompiler.exe after 0.13 seconds
Refreshing native plugins compatible for Editor in 10.67 ms, found 3 plugins.
Preloading 0 native plugins for Editor in 0.00 ms.
Unloading 216 Unused Serialized files (Serialized files now loaded: 0)
Unloading 6873 unused Assets / (15.0 MB). Loaded Objects now: 7376.
Memory consumption went from 267.0 MB to 252.0 MB.
Total: 35.860800 ms (FindLiveObjects: 2.321900 ms CreateObjectMapping: 1.552900 ms MarkObjects: 14.672700 ms  DeleteObjects: 17.310200 ms)

========================================================================
Received Import Request.
  Time since last request: 1756184.354053 seconds.
  path: Assets/Horror Ambient Sounds Pack/Ambient Sounds
  artifactKey: Guid(82d8109782df12b4984ba26d674c1526) Importer(815301076,1909f56bfc062723c751e8b465ee728b)
Start importing Assets/Horror Ambient Sounds Pack/Ambient Sounds using Guid(82d8109782df12b4984ba26d674c1526) Importer(815301076,1909f56bfc062723c751e8b465ee728b) (PreviewImporter) -> (artifact id: 'ef77447c17076bb6c23802c0219c3602') in 0.0243026 seconds
Number of updated asset objects reloaded before import = 0Number of asset objects unloaded after import = 0

========================================================================
Received Import Request.
  Time since last request: 1.657455 seconds.
  path: Assets/Horror Ambient Sounds Pack/Ambient Sounds/Ambient FX
  artifactKey: Guid(0872c04e87395d34a928d0ed1416874e) Importer(815301076,1909f56bfc062723c751e8b465ee728b)
Start importing Assets/Horror Ambient Sounds Pack/Ambient Sounds/Ambient FX using Guid(0872c04e87395d34a928d0ed1416874e) Importer(815301076,1909f56bfc062723c751e8b465ee728b) (PreviewImporter) -> (artifact id: '3c2616ffa26a38973de68fe422fa61d1') in 0.0054274 seconds
Number of updated asset objects reloaded before import = 0Number of asset objects unloaded after import = 0

========================================================================
Received Import Request.
  Time since last request: 0.141017 seconds.
  path: Assets/Horror Ambient Sounds Pack/Ambient Sounds/Ambient FX/AmbientFX01.wav
  artifactKey: Guid(3e3cb80203b244cb693c9f46e2111396) Importer(815301076,1909f56bfc062723c751e8b465ee728b)
Start importing Assets/Horror Ambient Sounds Pack/Ambient Sounds/Ambient FX/AmbientFX01.wav using Guid(3e3cb80203b244cb693c9f46e2111396) Importer(815301076,1909f56bfc062723c751e8b465ee728b) (PreviewImporter) -> (artifact id: 'f1f703ddbf3dbca677b6658b54ab7c09') in 0.4571985 seconds
Number of updated asset objects reloaded before import = 0Number of asset objects unloaded after import = 2

========================================================================
Received Import Request.
  Time since last request: 35.904109 seconds.
  path: Assets/Horror Ambient Sounds Pack/Ambient Sounds/Water Drops
  artifactKey: Guid(84738ef4dd8ec4e44944b4861a6fd836) Importer(815301076,1909f56bfc062723c751e8b465ee728b)
Start importing Assets/Horror Ambient Sounds Pack/Ambient Sounds/Water Drops using Guid(84738ef4dd8ec4e44944b4861a6fd836) Importer(815301076,1909f56bfc062723c751e8b465ee728b) (PreviewImporter) -> (artifact id: 'c1d9e3c12440865e41796415bbf2e777') in 0.0037803 seconds
Number of updated asset objects reloaded before import = 0Number of asset objects unloaded after import = 0

========================================================================
Received Import Request.
  Time since last request: 0.732052 seconds.
  path: Assets/Horror Ambient Sounds Pack/Ambient Sounds/Water Drops/Water Drops Falling.wav
  artifactKey: Guid(2c5b9b6094344467c938568e8c8d797e) Importer(815301076,1909f56bfc062723c751e8b465ee728b)
Start importing Assets/Horror Ambient Sounds Pack/Ambient Sounds/Water Drops/Water Drops Falling.wav using Guid(2c5b9b6094344467c938568e8c8d797e) Importer(815301076,1909f56bfc062723c751e8b465ee728b) (PreviewImporter) -> (artifact id: '1c0c349e0cc9e06ce5fc9e1141f15074') in 0.0675829 seconds
Number of updated asset objects reloaded before import = 0Number of asset objects unloaded after import = 2

========================================================================
Received Import Request.
  Time since last request: 1.697417 seconds.
  path: Assets/Horror Ambient Sounds Pack/Ambient Sounds/Horror Atmosphere
  artifactKey: Guid(d2931b7c021b7ba469251fba6f9f1df2) Importer(815301076,1909f56bfc062723c751e8b465ee728b)
Start importing Assets/Horror Ambient Sounds Pack/Ambient Sounds/Horror Atmosphere using Guid(d2931b7c021b7ba469251fba6f9f1df2) Importer(815301076,1909f56bfc062723c751e8b465ee728b) (PreviewImporter) -> (artifact id: '770c970e1db4066b4f9ebfc760c1731a') in 0.0018531 seconds
Number of updated asset objects reloaded before import = 0Number of asset objects unloaded after import = 0

========================================================================
Received Import Request.
  Time since last request: 1.665635 seconds.
  path: Assets/Horror Ambient Sounds Pack/Ambient Sounds/Horror Atmosphere/Ambience HighPitch.wav
  artifactKey: Guid(65737b3cf17484553acda01f0cb86656) Importer(815301076,1909f56bfc062723c751e8b465ee728b)
Start importing Assets/Horror Ambient Sounds Pack/Ambient Sounds/Horror Atmosphere/Ambience HighPitch.wav using Guid(65737b3cf17484553acda01f0cb86656) Importer(815301076,1909f56bfc062723c751e8b465ee728b) (PreviewImporter) -> (artifact id: 'e55c59adacc012d94abdeb5ea0871b54') in 0.04411 seconds
Number of updated asset objects reloaded before import = 0Number of asset objects unloaded after import = 2

========================================================================
Received Import Request.
  Time since last request: 0.000172 seconds.
  path: Assets/Horror Ambient Sounds Pack/Ambient Sounds/Horror Atmosphere/Voices01.wav
  artifactKey: Guid(540cc71ba50684696bf400efa529d562) Importer(815301076,1909f56bfc062723c751e8b465ee728b)
Start importing Assets/Horror Ambient Sounds Pack/Ambient Sounds/Horror Atmosphere/Voices01.wav using Guid(540cc71ba50684696bf400efa529d562) Importer(815301076,1909f56bfc062723c751e8b465ee728b) (PreviewImporter) -> (artifact id: 'a9b08661d80df09e1ed7488930cd4fae') in 0.0485111 seconds
Number of updated asset objects reloaded before import = 0Number of asset objects unloaded after import = 2

========================================================================
Received Import Request.
  Time since last request: 0.000254 seconds.
  path: Assets/Horror Ambient Sounds Pack/Ambient Sounds/Horror Atmosphere/Ambient Sounds.wav
  artifactKey: Guid(1e974ca10e85a4f2689ebe7850862f9c) Importer(815301076,1909f56bfc062723c751e8b465ee728b)
Start importing Assets/Horror Ambient Sounds Pack/Ambient Sounds/Horror Atmosphere/Ambient Sounds.wav using Guid(1e974ca10e85a4f2689ebe7850862f9c) Importer(815301076,1909f56bfc062723c751e8b465ee728b) (PreviewImporter) -> (artifact id: '2519bf898e2b542fef055a24fafc7da3') in 0.0410479 seconds
Number of updated asset objects reloaded before import = 0Number of asset objects unloaded after import = 2

========================================================================
Received Import Request.
  Time since last request: 0.000149 seconds.
  path: Assets/Horror Ambient Sounds Pack/Ambient Sounds/Horror Atmosphere/Ambient Sounds Deep.wav
  artifactKey: Guid(a2238bdbde1af491da588b50102acc7b) Importer(815301076,1909f56bfc062723c751e8b465ee728b)
Start importing Assets/Horror Ambient Sounds Pack/Ambient Sounds/Horror Atmosphere/Ambient Sounds Deep.wav using Guid(a2238bdbde1af491da588b50102acc7b) Importer(815301076,1909f56bfc062723c751e8b465ee728b) (PreviewImporter) -> (artifact id: '5968fec7be5f09fb75a57494b0ceabbf') in 0.1018572 seconds
Number of updated asset objects reloaded before import = 0Number of asset objects unloaded after import = 2

Editor requested this worker to shutdown with reason: Scaling down because of idle timeout
AssetImportWorkerClient::OnTransportError - code=2 error=End of file
AssetImportWorker is now disconnected from the server
Process exiting
Exiting without the bug reporter. Application will terminate with return code 0