Using pre-set license
Built from '6000.0/staging' branch; Version is '6000.0.39f1 (15ea7ed0b100) revision 1436286'; Using compiler version '193933523'; Build Type 'Release'
OS: 'Windows 11  (10.0.26100) 64bit Core' Language: 'ko' Physical Memory: 16074 MB
BatchMode: 1, IsHumanControllingUs: 0, StartBugReporterOnCrash: 0, Is64bit: 1, IsPro: 1

COMMAND LINE ARGUMENTS:
C:\Program Files\Unity\Hub\Editor\6000.0.39f1\Editor\Unity.exe
-adb2
-batchMode
-noUpm
-name
AssetImportWorker9
-projectPath
C:/Users/ieoql/unity/HyewonKo
-logFile
Logs/AssetImportWorker9.log
-srvPort
5292
-job-worker-count
7
-background-job-worker-count
8
-gc-helper-count
1
Successfully changed project path to: C:/Users/ieoql/unity/HyewonKo
C:/Users/ieoql/unity/HyewonKo
[UnityMemory] Configuration Parameters - Can be set up in boot.config
    "memorysetup-bucket-allocator-granularity=16"
    "memorysetup-bucket-allocator-bucket-count=8"
    "memorysetup-bucket-allocator-block-size=33554432"
    "memorysetup-bucket-allocator-block-count=8"
    "memorysetup-main-allocator-block-size=16777216"
    "memorysetup-thread-allocator-block-size=16777216"
    "memorysetup-gfx-main-allocator-block-size=16777216"
    "memorysetup-gfx-thread-allocator-block-size=16777216"
    "memorysetup-cache-allocator-block-size=4194304"
    "memorysetup-typetree-allocator-block-size=2097152"
    "memorysetup-profiler-bucket-allocator-granularity=16"
    "memorysetup-profiler-bucket-allocator-bucket-count=8"
    "memorysetup-profiler-bucket-allocator-block-size=33554432"
    "memorysetup-profiler-bucket-allocator-block-count=8"
    "memorysetup-profiler-allocator-block-size=16777216"
    "memorysetup-profiler-editor-allocator-block-size=1048576"
    "memorysetup-temp-allocator-size-main=16777216"
    "memorysetup-job-temp-allocator-block-size=2097152"
    "memorysetup-job-temp-allocator-block-size-background=1048576"
    "memorysetup-job-temp-allocator-reduction-small-platforms=262144"
    "memorysetup-allocator-temp-initial-block-size-main=262144"
    "memorysetup-allocator-temp-initial-block-size-worker=262144"
    "memorysetup-temp-allocator-size-background-worker=32768"
    "memorysetup-temp-allocator-size-job-worker=262144"
    "memorysetup-temp-allocator-size-preload-manager=33554432"
    "memorysetup-temp-allocator-size-nav-mesh-worker=65536"
    "memorysetup-temp-allocator-size-audio-worker=65536"
    "memorysetup-temp-allocator-size-cloud-worker=32768"
    "memorysetup-temp-allocator-size-gi-baking-worker=262144"
    "memorysetup-temp-allocator-size-gi-baking-worker=262144"
    "memorysetup-temp-allocator-size-gi-baking-worker=262144"
    "memorysetup-temp-allocator-size-gi-baking-worker=262144"
    "memorysetup-temp-allocator-size-gi-baking-worker=262144"
    "memorysetup-temp-allocator-size-gfx=262144"
Player connection [4300]  Target information:

Player connection [4300]  * "[IP] 192.168.157.208 [Port] 0 [Flags] 2 [Guid] 340136070 [EditorId] 340136070 [Version] 1048832 [Id] WindowsEditor(7,GalaxyBook) [Debug] 1 [PackageName] WindowsEditor [ProjectName] Editor" 

Player connection [4300] Host joined multi-casting on [225.0.0.222:54997]...
Player connection [4300] Host joined alternative multi-casting on [225.0.0.222:34997]...
JobSystem: Creating JobQueue using job-worker-count value 7
Input System module state changed to: Initialized.
[Physics::Module] Initialized fallback backend.
[Physics::Module] Id: 0xdecafbad
Library Redirect Path: Library/
[Physics::Module] Selected backend.
[Physics::Module] Name: PhysX
[Physics::Module] Id: 0xf2b8ea05
[Physics::Module] SDK Version: 4.1.2
[Physics::Module] Integration Version: 1.0.0
[Physics::Module] Threading Mode: Multi-Threaded
Refreshing native plugins compatible for Editor in 6.94 ms, found 3 plugins.
Preloading 0 native plugins for Editor in 0.00 ms.
Initialize engine version: 6000.0.39f1 (15ea7ed0b100)
[Subsystems] Discovering subsystems at path C:/Program Files/Unity/Hub/Editor/6000.0.39f1/Editor/Data/Resources/UnitySubsystems
[Subsystems] Discovering subsystems at path C:/Users/ieoql/unity/HyewonKo/Assets
GfxDevice: creating device client; kGfxThreadingModeNonThreaded
Direct3D:
    Version:  Direct3D 11.0 [level 11.1]
    Renderer: Intel(R) Iris(R) Xe Graphics (ID=0xa7a0)
    Vendor:   Intel
    VRAM:     8037 MB
    Driver:   31.0.101.4314
Initialize mono
Mono path[0] = 'C:/Program Files/Unity/Hub/Editor/6000.0.39f1/Editor/Data/Managed'
Mono path[1] = 'C:/Program Files/Unity/Hub/Editor/6000.0.39f1/Editor/Data/MonoBleedingEdge/lib/mono/unityjit-win32'
Mono config path = 'C:/Program Files/Unity/Hub/Editor/6000.0.39f1/Editor/Data/MonoBleedingEdge/etc'
Using monoOptions --debugger-agent=transport=dt_socket,embedding=1,server=y,suspend=n,address=127.0.0.1:56132
Begin MonoManager ReloadAssembly
Registering precompiled unity dll's ...
Register platform support module: C:/Program Files/Unity/Hub/Editor/6000.0.39f1/Editor/Data/PlaybackEngines/WindowsStandaloneSupport/UnityEditor.WindowsStandalone.Extensions.dll
Register platform support module: C:/Program Files/Unity/Hub/Editor/6000.0.39f1/Editor/Data/PlaybackEngines/AndroidPlayer/UnityEditor.Android.Extensions.dll
Register platform support module: C:/Program Files/Unity/Hub/Editor/6000.0.39f1/Editor/Data/PlaybackEngines/iOSSupport/UnityEditor.iOS.Extensions.dll
Registered in 0.012222 seconds.
- Loaded All Assemblies, in  0.639 seconds
[usbmuxd] Start listen thread
[usbmuxd] Listen thread started
Native extension for iOS target not found
Native extension for Android target not found
Native extension for WindowsStandalone target not found
Mono: successfully reloaded assembly
- Finished resetting the current domain, in  0.572 seconds
Domain Reload Profiling: 1208ms
	BeginReloadAssembly (215ms)
		ExecutionOrderSort (0ms)
		DisableScriptedObjects (0ms)
		BackupInstance (0ms)
		ReleaseScriptingObjects (0ms)
		CreateAndSetChildDomain (1ms)
	RebuildCommonClasses (94ms)
	RebuildNativeTypeToScriptingClass (29ms)
	initialDomainReloadingComplete (77ms)
	LoadAllAssembliesAndSetupDomain (221ms)
		LoadAssemblies (216ms)
		RebuildTransferFunctionScriptingTraits (0ms)
		AnalyzeDomain (215ms)
			TypeCache.Refresh (212ms)
				TypeCache.ScanAssembly (171ms)
			BuildScriptInfoCaches (0ms)
			ResolveRequiredComponents (1ms)
	FinalizeReload (572ms)
		ReleaseScriptCaches (0ms)
		RebuildScriptCaches (0ms)
		SetupLoadedEditorAssemblies (496ms)
			LogAssemblyErrors (0ms)
			InitializePlatformSupportModulesInManaged (103ms)
			SetLoadedEditorAssemblies (3ms)
			BeforeProcessingInitializeOnLoad (85ms)
			ProcessInitializeOnLoadAttributes (203ms)
			ProcessInitializeOnLoadMethodAttributes (101ms)
			AfterProcessingInitializeOnLoad (0ms)
			EditorAssembliesLoaded (0ms)
		ExecutionOrderSort2 (0ms)
		AwakeInstancesAfterBackupRestoration (0ms)
========================================================================
Worker process is ready to serve import requests
Import Worker Mode flag is 0x00
Begin MonoManager ReloadAssembly
Symbol file LoadedFromMemory is not a mono symbol file
- Loaded All Assemblies, in  1.272 seconds
Refreshing native plugins compatible for Editor in 1.74 ms, found 3 plugins.
Native extension for iOS target not found
Native extension for Android target not found
Native extension for WindowsStandalone target not found
Refreshing native plugins compatible for Editor in 1.46 ms, found 3 plugins.
Mono: successfully reloaded assembly
- Finished resetting the current domain, in  1.011 seconds
Domain Reload Profiling: 2279ms
	BeginReloadAssembly (226ms)
		ExecutionOrderSort (0ms)
		DisableScriptedObjects (6ms)
		BackupInstance (0ms)
		ReleaseScriptingObjects (0ms)
		CreateAndSetChildDomain (30ms)
	RebuildCommonClasses (45ms)
	RebuildNativeTypeToScriptingClass (12ms)
	initialDomainReloadingComplete (41ms)
	LoadAllAssembliesAndSetupDomain (944ms)
		LoadAssemblies (695ms)
		RebuildTransferFunctionScriptingTraits (0ms)
		AnalyzeDomain (400ms)
			TypeCache.Refresh (324ms)
				TypeCache.ScanAssembly (299ms)
			BuildScriptInfoCaches (62ms)
			ResolveRequiredComponents (11ms)
	FinalizeReload (1011ms)
		ReleaseScriptCaches (0ms)
		RebuildScriptCaches (0ms)
		SetupLoadedEditorAssemblies (841ms)
			LogAssemblyErrors (0ms)
			InitializePlatformSupportModulesInManaged (34ms)
			SetLoadedEditorAssemblies (9ms)
			BeforeProcessingInitializeOnLoad (198ms)
			ProcessInitializeOnLoadAttributes (465ms)
			ProcessInitializeOnLoadMethodAttributes (127ms)
			AfterProcessingInitializeOnLoad (8ms)
			EditorAssembliesLoaded (0ms)
		ExecutionOrderSort2 (0ms)
		AwakeInstancesAfterBackupRestoration (12ms)
Launched and connected shader compiler UnityShaderCompiler.exe after 0.15 seconds
Refreshing native plugins compatible for Editor in 2.75 ms, found 3 plugins.
Preloading 0 native plugins for Editor in 0.00 ms.
Unloading 216 Unused Serialized files (Serialized files now loaded: 0)
Unloading 6872 unused Assets / (13.0 MB). Loaded Objects now: 7375.
Memory consumption went from 268.9 MB to 255.9 MB.
Total: 12.362600 ms (FindLiveObjects: 1.660600 ms CreateObjectMapping: 0.434300 ms MarkObjects: 5.464300 ms  DeleteObjects: 4.801700 ms)

========================================================================
Received Import Request.
  Time since last request: 1687039.922356 seconds.
  path: Assets/Chess Studio/Puzzle Blocks Icon Pack/png/coreRedDimond.png
  artifactKey: Guid(a81346d5e634cb5488aaf5635cc229a0) Importer(815301076,1909f56bfc062723c751e8b465ee728b)
Start importing Assets/Chess Studio/Puzzle Blocks Icon Pack/png/coreRedDimond.png using Guid(a81346d5e634cb5488aaf5635cc229a0) Importer(815301076,1909f56bfc062723c751e8b465ee728b) (PreviewImporter) -> (artifact id: '6eb1dd974da480fb67f53de5cec7376d') in 0.2263448 seconds
Number of updated asset objects reloaded before import = 0Number of asset objects unloaded after import = 3

========================================================================
Received Import Request.
  Time since last request: 0.000036 seconds.
  path: Assets/Chess Studio/Puzzle Blocks Icon Pack/png/creamDimond.png
  artifactKey: Guid(804182e9e3ef50b449471ecef6f56ce1) Importer(815301076,1909f56bfc062723c751e8b465ee728b)
Start importing Assets/Chess Studio/Puzzle Blocks Icon Pack/png/creamDimond.png using Guid(804182e9e3ef50b449471ecef6f56ce1) Importer(815301076,1909f56bfc062723c751e8b465ee728b) (PreviewImporter) -> (artifact id: 'a14bbedd5f6f5d2b0cd528388530b4c7') in 0.0452958 seconds
Number of updated asset objects reloaded before import = 0Number of asset objects unloaded after import = 3

========================================================================
Received Import Request.
  Time since last request: 0.000044 seconds.
  path: Assets/Chess Studio/Puzzle Blocks Icon Pack/png/creamPentagon.png
  artifactKey: Guid(bea4ce718374bf849aa50d3230bf42f7) Importer(815301076,1909f56bfc062723c751e8b465ee728b)
Start importing Assets/Chess Studio/Puzzle Blocks Icon Pack/png/creamPentagon.png using Guid(bea4ce718374bf849aa50d3230bf42f7) Importer(815301076,1909f56bfc062723c751e8b465ee728b) (PreviewImporter) -> (artifact id: 'c9e9a9c3acbe9c35d5fe7c48a744a58f') in 0.0477147 seconds
Number of updated asset objects reloaded before import = 0Number of asset objects unloaded after import = 3

========================================================================
Received Import Request.
  Time since last request: 0.566281 seconds.
  path: Assets/Chess Studio/Puzzle Blocks Icon Pack/png/hexagonCrownDimond.png
  artifactKey: Guid(36ef1a346335b32469800e8e6b1cb9d6) Importer(815301076,1909f56bfc062723c751e8b465ee728b)
Start importing Assets/Chess Studio/Puzzle Blocks Icon Pack/png/hexagonCrownDimond.png using Guid(36ef1a346335b32469800e8e6b1cb9d6) Importer(815301076,1909f56bfc062723c751e8b465ee728b) (PreviewImporter) -> (artifact id: '1b9598ff7986af9273968731eae2875c') in 0.0538302 seconds
Number of updated asset objects reloaded before import = 0Number of asset objects unloaded after import = 3

========================================================================
Received Import Request.
  Time since last request: 0.000028 seconds.
  path: Assets/Chess Studio/Puzzle Blocks Icon Pack/png/hexagonLightBlueDimond.png
  artifactKey: Guid(81b19a77a6192db4990f377489af40e4) Importer(815301076,1909f56bfc062723c751e8b465ee728b)
Start importing Assets/Chess Studio/Puzzle Blocks Icon Pack/png/hexagonLightBlueDimond.png using Guid(81b19a77a6192db4990f377489af40e4) Importer(815301076,1909f56bfc062723c751e8b465ee728b) (PreviewImporter) -> (artifact id: 'ad6d8e30e6656abe3a08452596f294f5') in 0.05409 seconds
Number of updated asset objects reloaded before import = 0Number of asset objects unloaded after import = 3

========================================================================
Received Import Request.
  Time since last request: 0.000056 seconds.
  path: Assets/Chess Studio/Puzzle Blocks Icon Pack/png/hexagonRedDimond.png
  artifactKey: Guid(bf01137e22486ae4ea7bc10197c7ede7) Importer(815301076,1909f56bfc062723c751e8b465ee728b)
Start importing Assets/Chess Studio/Puzzle Blocks Icon Pack/png/hexagonRedDimond.png using Guid(bf01137e22486ae4ea7bc10197c7ede7) Importer(815301076,1909f56bfc062723c751e8b465ee728b) (PreviewImporter) -> (artifact id: 'f27de331ccb8c852b203b5d4ea2dd97a') in 0.0620467 seconds
Number of updated asset objects reloaded before import = 0Number of asset objects unloaded after import = 3

========================================================================
Received Import Request.
  Time since last request: 0.122060 seconds.
  path: Assets/Chess Studio/Puzzle Blocks Icon Pack/png/lightBluePentagon.png
  artifactKey: Guid(98a6a47a1785bde419ef4d7d2f3a3ee1) Importer(815301076,1909f56bfc062723c751e8b465ee728b)
Start importing Assets/Chess Studio/Puzzle Blocks Icon Pack/png/lightBluePentagon.png using Guid(98a6a47a1785bde419ef4d7d2f3a3ee1) Importer(815301076,1909f56bfc062723c751e8b465ee728b) (PreviewImporter) -> (artifact id: '3f2ead6006b1e652834faae67ac447d7') in 0.066951 seconds
Number of updated asset objects reloaded before import = 0Number of asset objects unloaded after import = 3

========================================================================
Received Import Request.
  Time since last request: 0.494293 seconds.
  path: Assets/Chess Studio/Puzzle Blocks Icon Pack/png/orangeSquare.png
  artifactKey: Guid(0e0b1b2a4dce7ae4c9e2233fabc4d450) Importer(815301076,1909f56bfc062723c751e8b465ee728b)
Start importing Assets/Chess Studio/Puzzle Blocks Icon Pack/png/orangeSquare.png using Guid(0e0b1b2a4dce7ae4c9e2233fabc4d450) Importer(815301076,1909f56bfc062723c751e8b465ee728b) (PreviewImporter) -> (artifact id: '8df8cf621dfd88adc8c14489cfc4846b') in 0.0708055 seconds
Number of updated asset objects reloaded before import = 0Number of asset objects unloaded after import = 3

========================================================================
Received Import Request.
  Time since last request: 0.000130 seconds.
  path: Assets/Chess Studio/Puzzle Blocks Icon Pack/png/orangeStone.png
  artifactKey: Guid(e5064ab11d903d640a3f08b65fe22c08) Importer(815301076,1909f56bfc062723c751e8b465ee728b)
Start importing Assets/Chess Studio/Puzzle Blocks Icon Pack/png/orangeStone.png using Guid(e5064ab11d903d640a3f08b65fe22c08) Importer(815301076,1909f56bfc062723c751e8b465ee728b) (PreviewImporter) -> (artifact id: '5dc51c8a02ac855c95662586f3c3fe9a') in 0.0538277 seconds
Number of updated asset objects reloaded before import = 0Number of asset objects unloaded after import = 3

========================================================================
Received Import Request.
  Time since last request: 0.584830 seconds.
  path: Assets/Chess Studio/Puzzle Blocks Icon Pack/png/pinkStar.png
  artifactKey: Guid(2bd21b175b95d2b43bc0ad892944aac2) Importer(815301076,1909f56bfc062723c751e8b465ee728b)
Start importing Assets/Chess Studio/Puzzle Blocks Icon Pack/png/pinkStar.png using Guid(2bd21b175b95d2b43bc0ad892944aac2) Importer(815301076,1909f56bfc062723c751e8b465ee728b) (PreviewImporter) -> (artifact id: '6fcd5455ee943681af0c83134cbe3975') in 0.0854929 seconds
Number of updated asset objects reloaded before import = 0Number of asset objects unloaded after import = 3

========================================================================
Received Import Request.
  Time since last request: 0.000122 seconds.
  path: Assets/Chess Studio/Puzzle Blocks Icon Pack/png/purpleStar.png
  artifactKey: Guid(7f522e5c71cc833449698c145069233f) Importer(815301076,1909f56bfc062723c751e8b465ee728b)
Start importing Assets/Chess Studio/Puzzle Blocks Icon Pack/png/purpleStar.png using Guid(7f522e5c71cc833449698c145069233f) Importer(815301076,1909f56bfc062723c751e8b465ee728b) (PreviewImporter) -> (artifact id: '5e01588a10abfe40c11ae60236f662fb') in 0.0457979 seconds
Number of updated asset objects reloaded before import = 0Number of asset objects unloaded after import = 3

========================================================================
Received Import Request.
  Time since last request: 0.000495 seconds.
  path: Assets/Chess Studio/Puzzle Blocks Icon Pack/png/purpleStone.png
  artifactKey: Guid(a4dd387ce6156d84786bddbd2663dedc) Importer(815301076,1909f56bfc062723c751e8b465ee728b)
Start importing Assets/Chess Studio/Puzzle Blocks Icon Pack/png/purpleStone.png using Guid(a4dd387ce6156d84786bddbd2663dedc) Importer(815301076,1909f56bfc062723c751e8b465ee728b) (PreviewImporter) -> (artifact id: '6ff65f6c3aef64ab560a5fbbcb30e3ae') in 0.0386567 seconds
Number of updated asset objects reloaded before import = 0Number of asset objects unloaded after import = 3

========================================================================
Received Import Request.
  Time since last request: 1.147233 seconds.
  path: Assets/Chess Studio/Puzzle Blocks Icon Pack/png/stone01.png
  artifactKey: Guid(8c16c598c1021064e97dc02a1028c04e) Importer(815301076,1909f56bfc062723c751e8b465ee728b)
Start importing Assets/Chess Studio/Puzzle Blocks Icon Pack/png/stone01.png using Guid(8c16c598c1021064e97dc02a1028c04e) Importer(815301076,1909f56bfc062723c751e8b465ee728b) (PreviewImporter) -> (artifact id: 'eaaa7e0b15ddad7a544323204b086757') in 0.0939125 seconds
Number of updated asset objects reloaded before import = 0Number of asset objects unloaded after import = 3

========================================================================
Received Import Request.
  Time since last request: 0.000243 seconds.
  path: Assets/Chess Studio/Puzzle Blocks Icon Pack/png/yellowStone.png
  artifactKey: Guid(d4d464255adb8b3489f667a17e72b2a3) Importer(815301076,1909f56bfc062723c751e8b465ee728b)
Start importing Assets/Chess Studio/Puzzle Blocks Icon Pack/png/yellowStone.png using Guid(d4d464255adb8b3489f667a17e72b2a3) Importer(815301076,1909f56bfc062723c751e8b465ee728b) (PreviewImporter) -> (artifact id: 'c8f905f4a8ee2427d3f597b9d2e212d1') in 0.0615949 seconds
Number of updated asset objects reloaded before import = 0Number of asset objects unloaded after import = 3

========================================================================
Received Import Request.
  Time since last request: 0.000025 seconds.
  path: Assets/Chess Studio/Puzzle Blocks Icon Pack/png/yellowDimond.png
  artifactKey: Guid(e442f0de696f2f244acb118d31a4194b) Importer(815301076,1909f56bfc062723c751e8b465ee728b)
Start importing Assets/Chess Studio/Puzzle Blocks Icon Pack/png/yellowDimond.png using Guid(e442f0de696f2f244acb118d31a4194b) Importer(815301076,1909f56bfc062723c751e8b465ee728b) (PreviewImporter) -> (artifact id: '1b0d25925806ddec0e4bd3e8e4e4c084') in 0.0530219 seconds
Number of updated asset objects reloaded before import = 0Number of asset objects unloaded after import = 3

========================================================================
Received Prepare
Begin MonoManager ReloadAssembly
Symbol file LoadedFromMemory is not a mono symbol file
- Loaded All Assemblies, in  0.840 seconds
Refreshing native plugins compatible for Editor in 2.47 ms, found 3 plugins.
Native extension for iOS target not found
Native extension for Android target not found
Native extension for WindowsStandalone target not found
Mono: successfully reloaded assembly
- Finished resetting the current domain, in  0.944 seconds
Domain Reload Profiling: 1785ms
	BeginReloadAssembly (221ms)
		ExecutionOrderSort (0ms)
		DisableScriptedObjects (8ms)
		BackupInstance (0ms)
		ReleaseScriptingObjects (0ms)
		CreateAndSetChildDomain (60ms)
	RebuildCommonClasses (41ms)
	RebuildNativeTypeToScriptingClass (14ms)
	initialDomainReloadingComplete (30ms)
	LoadAllAssembliesAndSetupDomain (533ms)
		LoadAssemblies (434ms)
		RebuildTransferFunctionScriptingTraits (0ms)
		AnalyzeDomain (204ms)
			TypeCache.Refresh (11ms)
				TypeCache.ScanAssembly (2ms)
			BuildScriptInfoCaches (179ms)
			ResolveRequiredComponents (10ms)
	FinalizeReload (945ms)
		ReleaseScriptCaches (0ms)
		RebuildScriptCaches (0ms)
		SetupLoadedEditorAssemblies (731ms)
			LogAssemblyErrors (0ms)
			InitializePlatformSupportModulesInManaged (18ms)
			SetLoadedEditorAssemblies (4ms)
			BeforeProcessingInitializeOnLoad (161ms)
			ProcessInitializeOnLoadAttributes (472ms)
			ProcessInitializeOnLoadMethodAttributes (72ms)
			AfterProcessingInitializeOnLoad (4ms)
			EditorAssembliesLoaded (0ms)
		ExecutionOrderSort2 (0ms)
		AwakeInstancesAfterBackupRestoration (9ms)
Refreshing native plugins compatible for Editor in 1.56 ms, found 3 plugins.
Preloading 0 native plugins for Editor in 0.00 ms.
Unloading 106 Unused Serialized files (Serialized files now loaded: 0)
Unloading 6870 unused Assets / (11.5 MB). Loaded Objects now: 7385.
Memory consumption went from 249.7 MB to 238.2 MB.
Total: 12.359800 ms (FindLiveObjects: 1.800900 ms CreateObjectMapping: 0.463000 ms MarkObjects: 5.491600 ms  DeleteObjects: 4.602300 ms)

Prepare: number of updated asset objects reloaded= 0
========================================================================
Received Prepare
Begin MonoManager ReloadAssembly
Symbol file LoadedFromMemory is not a mono symbol file
- Loaded All Assemblies, in  1.546 seconds
Refreshing native plugins compatible for Editor in 3.28 ms, found 3 plugins.
Native extension for iOS target not found
Native extension for Android target not found
Native extension for WindowsStandalone target not found
Mono: successfully reloaded assembly
- Finished resetting the current domain, in  1.015 seconds
Domain Reload Profiling: 2561ms
	BeginReloadAssembly (481ms)
		ExecutionOrderSort (0ms)
		DisableScriptedObjects (39ms)
		BackupInstance (0ms)
		ReleaseScriptingObjects (2ms)
		CreateAndSetChildDomain (175ms)
	RebuildCommonClasses (70ms)
	RebuildNativeTypeToScriptingClass (29ms)
	initialDomainReloadingComplete (79ms)
	LoadAllAssembliesAndSetupDomain (886ms)
		LoadAssemblies (732ms)
		RebuildTransferFunctionScriptingTraits (0ms)
		AnalyzeDomain (290ms)
			TypeCache.Refresh (26ms)
				TypeCache.ScanAssembly (3ms)
			BuildScriptInfoCaches (242ms)
			ResolveRequiredComponents (14ms)
	FinalizeReload (1016ms)
		ReleaseScriptCaches (0ms)
		RebuildScriptCaches (0ms)
		SetupLoadedEditorAssemblies (779ms)
			LogAssemblyErrors (16ms)
			InitializePlatformSupportModulesInManaged (16ms)
			SetLoadedEditorAssemblies (3ms)
			BeforeProcessingInitializeOnLoad (135ms)
			ProcessInitializeOnLoadAttributes (503ms)
			ProcessInitializeOnLoadMethodAttributes (98ms)
			AfterProcessingInitializeOnLoad (7ms)
			EditorAssembliesLoaded (1ms)
		ExecutionOrderSort2 (0ms)
		AwakeInstancesAfterBackupRestoration (14ms)
Refreshing native plugins compatible for Editor in 1.83 ms, found 3 plugins.
Preloading 0 native plugins for Editor in 0.00 ms.
Unloading 106 Unused Serialized files (Serialized files now loaded: 0)
Unloading 6870 unused Assets / (13.2 MB). Loaded Objects now: 7387.
Memory consumption went from 249.7 MB to 236.6 MB.
Total: 16.663700 ms (FindLiveObjects: 2.003600 ms CreateObjectMapping: 0.734900 ms MarkObjects: 8.293400 ms  DeleteObjects: 5.630200 ms)

Prepare: number of updated asset objects reloaded= 0
========================================================================
Received Import Request.
  Time since last request: 1768.246042 seconds.
  path: Assets/Prefab/Attack_Item.prefab
  artifactKey: Guid(99ca137fab687f046ae29d0244c5b644) Importer(815301076,1909f56bfc062723c751e8b465ee728b)
Start importing Assets/Prefab/Attack_Item.prefab using Guid(99ca137fab687f046ae29d0244c5b644) Importer(815301076,1909f56bfc062723c751e8b465ee728b) (PreviewImporter) -> (artifact id: 'd1dad3a6df63521b921e5fc141dd6cb9') in 0.4341255 seconds
Number of updated asset objects reloaded before import = 0Number of asset objects unloaded after import = 63

========================================================================
Received Import Request.
  Time since last request: 0.000046 seconds.
  path: Assets/Prefab/Priest.prefab
  artifactKey: Guid(c6671ecdfbbd1594cb778c771bae795a) Importer(815301076,1909f56bfc062723c751e8b465ee728b)
Start importing Assets/Prefab/Priest.prefab using Guid(c6671ecdfbbd1594cb778c771bae795a) Importer(815301076,1909f56bfc062723c751e8b465ee728b) (PreviewImporter) -> (artifact id: '2b1e6f801d976acf3cf8bc6c359f976e') in 0.5830924 seconds
Number of updated asset objects reloaded before import = 0Number of asset objects unloaded after import = 418

========================================================================
Received Import Request.
  Time since last request: 0.000042 seconds.
  path: Assets/Prefab/Mutated.prefab
  artifactKey: Guid(2fd1133a71b7082489322d9e5f8efc0e) Importer(815301076,1909f56bfc062723c751e8b465ee728b)
Start importing Assets/Prefab/Mutated.prefab using Guid(2fd1133a71b7082489322d9e5f8efc0e) Importer(815301076,1909f56bfc062723c751e8b465ee728b) (PreviewImporter) -> (artifact id: '472393d0a37b4bde94a314b93eb54f41') in 0.107985 seconds
Number of updated asset objects reloaded before import = 0Number of asset objects unloaded after import = 522

========================================================================
Received Import Request.
  Time since last request: 0.000043 seconds.
  path: Assets/Prefab/Health_Item.prefab
  artifactKey: Guid(5fde3c7a23af90945b04adca0eb8625f) Importer(815301076,1909f56bfc062723c751e8b465ee728b)
Start importing Assets/Prefab/Health_Item.prefab using Guid(5fde3c7a23af90945b04adca0eb8625f) Importer(815301076,1909f56bfc062723c751e8b465ee728b) (PreviewImporter) -> (artifact id: '4ff4de39a81113b3943038845c4ba3d1') in 0.0495361 seconds
Number of updated asset objects reloaded before import = 0Number of asset objects unloaded after import = 59

========================================================================
Received Import Request.
  Time since last request: 0.000028 seconds.
  path: Assets/Prefab/Spider.prefab
  artifactKey: Guid(baaf818ba0d731b43b6ee1a4d0e7a195) Importer(815301076,1909f56bfc062723c751e8b465ee728b)
Start importing Assets/Prefab/Spider.prefab using Guid(baaf818ba0d731b43b6ee1a4d0e7a195) Importer(815301076,1909f56bfc062723c751e8b465ee728b) (PreviewImporter) -> (artifact id: '3b1ab009904db9fde357bf7a884b4088') in 0.1302132 seconds
Number of updated asset objects reloaded before import = 0Number of asset objects unloaded after import = 339

========================================================================
Received Prepare
Begin MonoManager ReloadAssembly
Symbol file LoadedFromMemory is not a mono symbol file
- Loaded All Assemblies, in  1.020 seconds
Refreshing native plugins compatible for Editor in 3.71 ms, found 3 plugins.
Native extension for iOS target not found
Native extension for Android target not found
Native extension for WindowsStandalone target not found
Mono: successfully reloaded assembly
- Finished resetting the current domain, in  1.165 seconds
Domain Reload Profiling: 2185ms
	BeginReloadAssembly (252ms)
		ExecutionOrderSort (0ms)
		DisableScriptedObjects (6ms)
		BackupInstance (0ms)
		ReleaseScriptingObjects (0ms)
		CreateAndSetChildDomain (60ms)
	RebuildCommonClasses (48ms)
	RebuildNativeTypeToScriptingClass (14ms)
	initialDomainReloadingComplete (36ms)
	LoadAllAssembliesAndSetupDomain (670ms)
		LoadAssemblies (539ms)
		RebuildTransferFunctionScriptingTraits (0ms)
		AnalyzeDomain (269ms)
			TypeCache.Refresh (11ms)
				TypeCache.ScanAssembly (0ms)
			BuildScriptInfoCaches (242ms)
			ResolveRequiredComponents (10ms)
	FinalizeReload (1166ms)
		ReleaseScriptCaches (0ms)
		RebuildScriptCaches (0ms)
		SetupLoadedEditorAssemblies (963ms)
			LogAssemblyErrors (0ms)
			InitializePlatformSupportModulesInManaged (23ms)
			SetLoadedEditorAssemblies (5ms)
			BeforeProcessingInitializeOnLoad (182ms)
			ProcessInitializeOnLoadAttributes (593ms)
			ProcessInitializeOnLoadMethodAttributes (150ms)
			AfterProcessingInitializeOnLoad (9ms)
			EditorAssembliesLoaded (0ms)
		ExecutionOrderSort2 (0ms)
		AwakeInstancesAfterBackupRestoration (18ms)
Refreshing native plugins compatible for Editor in 5.63 ms, found 3 plugins.
Preloading 0 native plugins for Editor in 0.00 ms.
Unloading 106 Unused Serialized files (Serialized files now loaded: 0)
Unloading 6878 unused Assets / (13.9 MB). Loaded Objects now: 7394.
Memory consumption went from 249.1 MB to 235.3 MB.
Total: 27.362000 ms (FindLiveObjects: 1.892500 ms CreateObjectMapping: 1.130000 ms MarkObjects: 11.835800 ms  DeleteObjects: 12.501100 ms)

Prepare: number of updated asset objects reloaded= 0
Editor requested this worker to shutdown with reason: Scaling down because of idle timeout
AssetImportWorker is now disconnected from the server
Process exiting
Exiting without the bug reporter. Application will terminate with return code 0